// Jest Snapshot v1, https://goo.gl/fbAQLP

exports[`<Book/> Renders and matches the snapshot 1`] = `
<div>
  <div
    class="sc-hLQSwg jYDWXO"
  >
    <img
      alt="dogs are best"
      src="dog.jpg"
    />
    <h3
      class="sc-eDLKkx fBAZox"
    >
      <a
        href="/book/abc123"
      >
        dogs are best
      </a>
    </h3>
    <span
      class="sc-jTQCzO dwbbrB"
    >
      50.00
    </span>
    <div
      class="sc-gLLuof dOUzwr"
    />
  </div>
</div>
`;
